// Jest Snapshot v1, https://goo.gl/fbAQLP

exports[`it should show content when the user enter the Math home page displays title 1`] = `
<div
  class="homeContainer"
>
  <h1>
    Welcome to our page!
  </h1>
  <p>
    Lorem ipsum dolor sit, amet consectetur adipisicing elit. Repellat repudiandae dolor similique, nulla quam exercitationem,eveniet rem expedita aliquid excepturi dicta aspernatur. Tempora dolorem consequuntur vero minima maiores dicta at?. Lorem ipsum dolor sit, amet consectetur adipisicing elit. Repellat repudiandae dolor similique, nulla quam exercitationem, eveniet rem expedita aliquid excepturi dicta aspernatur. Tempora dolorem consequuntur vero minima maiores dicta at?
  </p>
  <p>
    Lorem ipsum dolor sit, amet consectetur adipisicing elit. Repellat repudiandae dolor similique, nulla quam exercitationem, eveniet rem expedita aliquid excepturi dicta aspernatur. Tempora dolorem consequuntur vero minima maiores dicta at?. Lorem ipsum dolor sit, amet consectetur adipisicing elit. Repellat repudiandae dolor similique, nulla quam exercitationem, eveniet rem expedita aliquid excepturi dicta aspernatur. Tempora dolorem consequuntur vero minima maiores dicta at?
  </p>
  <img
    alt="logo"
    class="homeImageCont"
    src="970426.jpg"
  />
</div>
`;

exports[`it should show content when the user enter the Math home page when home page is render, the first paragraph should be display 1`] = `
<div
  class="homeContainer"
>
  <h1>
    Welcome to our page!
  </h1>
  <p>
    Lorem ipsum dolor sit, amet consectetur adipisicing elit. Repellat repudiandae dolor similique, nulla quam exercitationem,eveniet rem expedita aliquid excepturi dicta aspernatur. Tempora dolorem consequuntur vero minima maiores dicta at?. Lorem ipsum dolor sit, amet consectetur adipisicing elit. Repellat repudiandae dolor similique, nulla quam exercitationem, eveniet rem expedita aliquid excepturi dicta aspernatur. Tempora dolorem consequuntur vero minima maiores dicta at?
  </p>
  <p>
    Lorem ipsum dolor sit, amet consectetur adipisicing elit. Repellat repudiandae dolor similique, nulla quam exercitationem, eveniet rem expedita aliquid excepturi dicta aspernatur. Tempora dolorem consequuntur vero minima maiores dicta at?. Lorem ipsum dolor sit, amet consectetur adipisicing elit. Repellat repudiandae dolor similique, nulla quam exercitationem, eveniet rem expedita aliquid excepturi dicta aspernatur. Tempora dolorem consequuntur vero minima maiores dicta at?
  </p>
  <img
    alt="logo"
    class="homeImageCont"
    src="970426.jpg"
  />
</div>
`;
